WARN klint::ctxt no klint metadata found for crate core
error: cannot infer preemption count adjustment at this point
  --> $DIR/adjustment.rs:23:5
   |
23 |     }
   |     ^
   |
note: preemption count adjustment is 1 after this
  --> $DIR/adjustment.rs:22:26
   |
22 |         std::mem::forget(lock.lock());
   |                          ^^^^^^^^^^^
note: while preemption count adjustment is 0 after this
  --> $DIR/adjustment.rs:23:6
   |
23 |     }
   |      ^

error: aborting due to 1 previous error

