WARN klint::ctxt no klint metadata found for crate alloc
note: reporting preemption count for instance `drop_lock`
  --> $DIR/drop-array.rs:25:1
   |
25 | fn drop_lock(x: Box<[LockOnDrop; 2]>) {}
   | ^^^^^^^^^^^^^^^^^^^^^^^^^^^^^^^^^^^^^
   |
   = note: adjustment is inferred to be 2

note: reporting preemption count for instance `drop_lock`
  --> $DIR/drop-array.rs:25:1
   |
25 | fn drop_lock(x: Box<[LockOnDrop; 2]>) {}
   | ^^^^^^^^^^^^^^^^^^^^^^^^^^^^^^^^^^^^^
   |
   = note: expectation is inferred to be 0..

note: reporting preemption count for instance `drop_sleep`
  --> $DIR/drop-array.rs:28:1
   |
28 | fn drop_sleep(x: Box<[SleepOnDrop; 2]>) {}
   | ^^^^^^^^^^^^^^^^^^^^^^^^^^^^^^^^^^^^^^^
   |
   = note: adjustment is inferred to be 0

note: reporting preemption count for instance `drop_sleep`
  --> $DIR/drop-array.rs:28:1
   |
28 | fn drop_sleep(x: Box<[SleepOnDrop; 2]>) {}
   | ^^^^^^^^^^^^^^^^^^^^^^^^^^^^^^^^^^^^^^^
   |
   = note: expectation is inferred to be 0

error: dropping element of array expects the preemption count to be 0
  --> $DIR/drop-array.rs:30:58
   |
30 | fn drop_sleep_and_lock(x: Box<[SleepAndLockOnDrop; 2]>) {}
   |                        - value being dropped is here     ^
   |
   = note: but the possible preemption count when dropping the last element is 1
   = note: array being dropped is `[SleepAndLockOnDrop; 2]`

error: aborting due to 1 previous error

