WARN klint::ctxt no klint metadata found for crate core
error: reached the recursion limit while checking adjustment for `<std::option::Option<std::option::Option<std::option::Option<std::option::Option<std::option::Option<std::option::Option<std::option::Option<std::option::Option<std::option::Option<std::option::Option<std::option::Option<std::option::Option<std::option::Option<std::option::Option<std::option::Option<std::option::Option<std::option::Option<std::option::Option<std::option::Option<std::option::Option<std::option::Option<std::option::Option<std::option::Option<std::option::Option<std::option::Option<std::option::Option<std::option::Option<std::option::Option<std::option::Option<std::option::Option<std::option::Option<std::option::Option<std::option::Option<std::option::Option<std::option::Option<std::option::Option<std::option::Option<std::option::Option<std::option::Option<std::option::Option<std::option::Option<std::option::Option<std::option::Option<std::option::Option<std::option::Option<std::option::Option<std::option::Option<std::option::Option<std::option::Option<std::option::Option<std::option::Option<std::option::Option<std::option::Option<std::option::Option<std::option::Option<std::option::Option<std::option::Option<std::option::Option<std::option::Option<std::option::Option<std::option::Option<std::option::Option<std::option::Option<std::option::Option<std::option::Option<std::option::Option<std::option::Option<std::option::Option<std::option::Option<std::option::Option<std::option::Option<std::option::Option<std::option::Option<std::option::Option<std::option::Option<std::option::Option<std::option::Option<std::option::Option<std::option::Option<std::option::Option<std::option::Option<std::option::Option<std::option::Option<std::option::Option<std::option::Option<std::option::Option<std::option::Option<std::option::Option<std::option::Option<std::option::Option<std::option::Option<std::option::Option<std::option::Option<std::option::Option<std::option::Option<std::option::Option<std::option::Option<std::option::Option<std::option::Option<std::option::Option<std::option::Option<std::option::Option<std::option::Option<std::option::Option<std::option::Option<std::option::Option<std::option::Option<std::option::Option<std::option::Option<std::option::Option<std::option::Option<std::option::Option<std::option::Option<std::option::Option<std::option::Option<std::option::Option<std::option::Option<std::option::Option<std::option::Option<std::option::Option<std::option::Option<std::option::Option<std::option::Option<std::option::Option<std::option::Option<std::option::Option<usize>>>>>>>>>>>>>>>>>>>>>>>>>>>>>>>>>>>>>>>>>>>>>>>>>>>>>>>>>>>>>>>>>>>>>>>>>>>>>>>>>>>>>>>>>>>>>>>>>>>>>>>>>>>>>>>>>>>>>>>>>>>>>> as std::clone::Clone>::clone`
  --> $DIR/infinite_recursion.rs:15:14
   |
15 |         Some((*self).clone())
   |              ^^^^^^^^^^^^^^^
   |
   = note: instance being checked is `<std::option::Option<std::option::Option<std::option::Option<std::option::Option<std::option::Option<std::option::Option<std::option::Option<std::option::Option<std::option::Option<std::option::Option<std::option::Option<std::option::Option<std::option::Option<std::option::Option<std::option::Option<std::option::Option<std::option::Option<std::option::Option<std::option::Option<std::option::Option<std::option::Option<std::option::Option<std::option::Option<std::option::Option<std::option::Option<std::option::Option<std::option::Option<std::option::Option<std::option::Option<std::option::Option<std::option::Option<std::option::Option<std::option::Option<std::option::Option<std::option::Option<std::option::Option<std::option::Option<std::option::Option<std::option::Option<std::option::Option<std::option::Option<std::option::Option<std::option::Option<std::option::Option<std::option::Option<std::option::Option<std::option::Option<std::option::Option<std::option::Option<std::option::Option<std::option::Option<std::option::Option<std::option::Option<std::option::Option<std::option::Option<std::option::Option<std::option::Option<std::option::Option<std::option::Option<std::option::Option<std::option::Option<std::option::Option<std::option::Option<std::option::Option<std::option::Option<std::option::Option<std::option::Option<std::option::Option<std::option::Option<std::option::Option<std::option::Option<std::option::Option<std::option::Option<std::option::Option<std::option::Option<std::option::Option<std::option::Option<std::option::Option<std::option::Option<std::option::Option<std::option::Option<std::option::Option<std::option::Option<std::option::Option<std::option::Option<std::option::Option<std::option::Option<std::option::Option<std::option::Option<std::option::Option<std::option::Option<std::option::Option<std::option::Option<std::option::Option<std::option::Option<std::option::Option<std::option::Option<std::option::Option<std::option::Option<std::option::Option<std::option::Option<std::option::Option<std::option::Option<std::option::Option<std::option::Option<std::option::Option<std::option::Option<std::option::Option<std::option::Option<std::option::Option<std::option::Option<std::option::Option<std::option::Option<std::option::Option<std::option::Option<std::option::Option<std::option::Option<std::option::Option<std::option::Option<std::option::Option<std::option::Option<std::option::Option<std::option::Option<std::option::Option<std::option::Option<std::option::Option<usize>>>>>>>>>>>>>>>>>>>>>>>>>>>>>>>>>>>>>>>>>>>>>>>>>>>>>>>>>>>>>>>>>>>>>>>>>>>>>>>>>>>>>>>>>>>>>>>>>>>>>>>>>>>>>>>>>>>>>>>>>>>>>> as ToOpt>::to_option`
note: which is called from here
  --> $DIR/infinite_recursion.rs:21:31
   |
21 |         function(counter - 1, t.to_option());
   |                               ^^^^^^^^^^^^^
   = note: instance being checked is `function::<std::option::Option<std::option::Option<std::option::Option<std::option::Option<std::option::Option<std::option::Option<std::option::Option<std::option::Option<std::option::Option<std::option::Option<std::option::Option<std::option::Option<std::option::Option<std::option::Option<std::option::Option<std::option::Option<std::option::Option<std::option::Option<std::option::Option<std::option::Option<std::option::Option<std::option::Option<std::option::Option<std::option::Option<std::option::Option<std::option::Option<std::option::Option<std::option::Option<std::option::Option<std::option::Option<std::option::Option<std::option::Option<std::option::Option<std::option::Option<std::option::Option<std::option::Option<std::option::Option<std::option::Option<std::option::Option<std::option::Option<std::option::Option<std::option::Option<std::option::Option<std::option::Option<std::option::Option<std::option::Option<std::option::Option<std::option::Option<std::option::Option<std::option::Option<std::option::Option<std::option::Option<std::option::Option<std::option::Option<std::option::Option<std::option::Option<std::option::Option<std::option::Option<std::option::Option<std::option::Option<std::option::Option<std::option::Option<std::option::Option<std::option::Option<std::option::Option<std::option::Option<std::option::Option<std::option::Option<std::option::Option<std::option::Option<std::option::Option<std::option::Option<std::option::Option<std::option::Option<std::option::Option<std::option::Option<std::option::Option<std::option::Option<std::option::Option<std::option::Option<std::option::Option<std::option::Option<std::option::Option<std::option::Option<std::option::Option<std::option::Option<std::option::Option<std::option::Option<std::option::Option<std::option::Option<std::option::Option<std::option::Option<std::option::Option<std::option::Option<std::option::Option<std::option::Option<std::option::Option<std::option::Option<std::option::Option<std::option::Option<std::option::Option<std::option::Option<std::option::Option<std::option::Option<std::option::Option<std::option::Option<std::option::Option<std::option::Option<std::option::Option<std::option::Option<std::option::Option<std::option::Option<std::option::Option<std::option::Option<std::option::Option<std::option::Option<std::option::Option<std::option::Option<std::option::Option<std::option::Option<std::option::Option<std::option::Option<std::option::Option<std::option::Option<std::option::Option<std::option::Option<usize>>>>>>>>>>>>>>>>>>>>>>>>>>>>>>>>>>>>>>>>>>>>>>>>>>>>>>>>>>>>>>>>>>>>>>>>>>>>>>>>>>>>>>>>>>>>>>>>>>>>>>>>>>>>>>>>>>>>>>>>>>>>>>>`
   = note: 125 calls omitted due to recursion
note: which is called from here
  --> $DIR/infinite_recursion.rs:21:9
   |
21 |         function(counter - 1, t.to_option());
   |         ^^^^^^^^^^^^^^^^^^^^^^^^^^^^^^^^^^^^
   = note: instance being checked is `function::<usize>`
note: which is called from here
  --> $DIR/infinite_recursion.rs:27:5
   |
27 |     function(22, 22);
   |     ^^^^^^^^^^^^^^^^

error: aborting due to 1 previous error

