error: casting between traits with incompatible preemption count properties
  --> $DIR/upcasting.rs:10:5
   |
10 |     x
   |     ^
   |
   = help: adjustment of `dyn B` is 0 and expectation is 1
   = help: while the expected adjustment of `dyn A` is 0 and the expectation is 0

error: aborting due to 1 previous error

